// Jest Snapshot v1, https://goo.gl/fbAQLP

exports[`Page Two >>>> Renders correctly to the DOM Creates a snapshot correctly 1`] = `
<div>
  PAGE TWO
</div>
`;
